+------------------------+------------------------+----------+--------------------------------------+
| Name                   | Version                | Licenses | Location                             |
+------------------------+------------------------+----------+--------------------------------------+
| adduser                | 3.118                  |          | spec/fixtures/os/var/lib/dpkg/status |
| apt                    | 1.8.2.1                |          | spec/fixtures/os/var/lib/dpkg/status |
| base-files             | 10.3+deb10u6           |          | spec/fixtures/os/var/lib/dpkg/status |
| base-passwd            | 3.5.46                 |          | spec/fixtures/os/var/lib/dpkg/status |
| bash                   | 5.0-4                  |          | spec/fixtures/os/var/lib/dpkg/status |
| bsdutils               | 1:2.33.1-0.1           |          | spec/fixtures/os/var/lib/dpkg/status |
| coreutils              | 8.30-3                 |          | spec/fixtures/os/var/lib/dpkg/status |
| dash                   | 0.5.10.2-5             |          | spec/fixtures/os/var/lib/dpkg/status |
| debconf                | 1.5.71                 |          | spec/fixtures/os/var/lib/dpkg/status |
| debian-archive-keyring | 2019.1                 |          | spec/fixtures/os/var/lib/dpkg/status |
| debianutils            | 4.8.6.1                |          | spec/fixtures/os/var/lib/dpkg/status |
| diffutils              | 1:3.7-3                |          | spec/fixtures/os/var/lib/dpkg/status |
| dpkg                   | 1.19.7                 |          | spec/fixtures/os/var/lib/dpkg/status |
| e2fsprogs              | 1.44.5-1+deb10u3       |          | spec/fixtures/os/var/lib/dpkg/status |
| fdisk                  | 2.33.1-0.1             |          | spec/fixtures/os/var/lib/dpkg/status |
| findutils              | 4.6.0+git+20190209-2   |          | spec/fixtures/os/var/lib/dpkg/status |
| gcc-8-base             | 8.3.0-6                |          | spec/fixtures/os/var/lib/dpkg/status |
| gpgv                   | 2.2.12-1+deb10u1       |          | spec/fixtures/os/var/lib/dpkg/status |
| grep                   | 3.3-1                  |          | spec/fixtures/os/var/lib/dpkg/status |
| gzip                   | 1.9-3                  |          | spec/fixtures/os/var/lib/dpkg/status |
| hostname               | 3.21                   |          | spec/fixtures/os/var/lib/dpkg/status |
| init-system-helpers    | 1.56+nmu1              |          | spec/fixtures/os/var/lib/dpkg/status |
| libacl1                | 2.2.53-4               |          | spec/fixtures/os/var/lib/dpkg/status |
| libapt-pkg5.0          | 1.8.2.1                |          | spec/fixtures/os/var/lib/dpkg/status |
| libattr1               | 1:2.4.48-4             |          | spec/fixtures/os/var/lib/dpkg/status |
| libaudit-common        | 1:2.8.4-3              |          | spec/fixtures/os/var/lib/dpkg/status |
| libaudit1              | 1:2.8.4-3              |          | spec/fixtures/os/var/lib/dpkg/status |
| libblkid1              | 2.33.1-0.1             |          | spec/fixtures/os/var/lib/dpkg/status |
| libbz2-1.0             | 1.0.6-9.2~deb10u1      |          | spec/fixtures/os/var/lib/dpkg/status |
| libc-bin               | 2.28-10                |          | spec/fixtures/os/var/lib/dpkg/status |
| libc6                  | 2.28-10                |          | spec/fixtures/os/var/lib/dpkg/status |
| libcap-ng0             | 0.7.9-2                |          | spec/fixtures/os/var/lib/dpkg/status |
| libcom-err2            | 1.44.5-1+deb10u3       |          | spec/fixtures/os/var/lib/dpkg/status |
| libdb5.3               | 5.3.28+dfsg1-0.5       |          | spec/fixtures/os/var/lib/dpkg/status |
| libdebconfclient0      | 0.249                  |          | spec/fixtures/os/var/lib/dpkg/status |
| libext2fs2             | 1.44.5-1+deb10u3       |          | spec/fixtures/os/var/lib/dpkg/status |
| libfdisk1              | 2.33.1-0.1             |          | spec/fixtures/os/var/lib/dpkg/status |
| libffi6                | 3.2.1-9                |          | spec/fixtures/os/var/lib/dpkg/status |
| libgcc1                | 1:8.3.0-6              |          | spec/fixtures/os/var/lib/dpkg/status |
| libgcrypt20            | 1.8.4-5                |          | spec/fixtures/os/var/lib/dpkg/status |
| libgmp10               | 2:6.1.2+dfsg-4         |          | spec/fixtures/os/var/lib/dpkg/status |
| libgnutls30            | 3.6.7-4+deb10u5        |          | spec/fixtures/os/var/lib/dpkg/status |
| libgpg-error0          | 1.35-1                 |          | spec/fixtures/os/var/lib/dpkg/status |
| libhogweed4            | 3.4.1-1                |          | spec/fixtures/os/var/lib/dpkg/status |
| libidn2-0              | 2.0.5-1+deb10u1        |          | spec/fixtures/os/var/lib/dpkg/status |
| liblz4-1               | 1.8.3-1                |          | spec/fixtures/os/var/lib/dpkg/status |
| liblzma5               | 5.2.4-1                |          | spec/fixtures/os/var/lib/dpkg/status |
| libmount1              | 2.33.1-0.1             |          | spec/fixtures/os/var/lib/dpkg/status |
| libncursesw6           | 6.1+20181013-2+deb10u2 |          | spec/fixtures/os/var/lib/dpkg/status |
| libnettle6             | 3.4.1-1                |          | spec/fixtures/os/var/lib/dpkg/status |
| libp11-kit0            | 0.23.15-2              |          | spec/fixtures/os/var/lib/dpkg/status |
| libpam-modules         | 1.3.1-5                |          | spec/fixtures/os/var/lib/dpkg/status |
| libpam-modules-bin     | 1.3.1-5                |          | spec/fixtures/os/var/lib/dpkg/status |
| libpam-runtime         | 1.3.1-5                |          | spec/fixtures/os/var/lib/dpkg/status |
| libpam0g               | 1.3.1-5                |          | spec/fixtures/os/var/lib/dpkg/status |
| libpcre3               | 2:8.39-12              |          | spec/fixtures/os/var/lib/dpkg/status |
| libseccomp2            | 2.3.3-4                |          | spec/fixtures/os/var/lib/dpkg/status |
| libselinux1            | 2.8-1+b1               |          | spec/fixtures/os/var/lib/dpkg/status |
| libsemanage-common     | 2.8-2                  |          | spec/fixtures/os/var/lib/dpkg/status |
| libsemanage1           | 2.8-2                  |          | spec/fixtures/os/var/lib/dpkg/status |
| libsepol1              | 2.8-1                  |          | spec/fixtures/os/var/lib/dpkg/status |
| libsmartcols1          | 2.33.1-0.1             |          | spec/fixtures/os/var/lib/dpkg/status |
| libss2                 | 1.44.5-1+deb10u3       |          | spec/fixtures/os/var/lib/dpkg/status |
| libstdc++6             | 8.3.0-6                |          | spec/fixtures/os/var/lib/dpkg/status |
| libsystemd0            | 241-7~deb10u4          |          | spec/fixtures/os/var/lib/dpkg/status |
| libtasn1-6             | 4.13-3                 |          | spec/fixtures/os/var/lib/dpkg/status |
| libtinfo6              | 6.1+20181013-2+deb10u2 |          | spec/fixtures/os/var/lib/dpkg/status |
| libudev1               | 241-7~deb10u4          |          | spec/fixtures/os/var/lib/dpkg/status |
| libunistring2          | 0.9.10-1               |          | spec/fixtures/os/var/lib/dpkg/status |
| libuuid1               | 2.33.1-0.1             |          | spec/fixtures/os/var/lib/dpkg/status |
| libzstd1               | 1.3.8+dfsg-3           |          | spec/fixtures/os/var/lib/dpkg/status |
| login                  | 1:4.5-1.1              |          | spec/fixtures/os/var/lib/dpkg/status |
| mawk                   | 1.3.3-17+b3            |          | spec/fixtures/os/var/lib/dpkg/status |
| mount                  | 2.33.1-0.1             |          | spec/fixtures/os/var/lib/dpkg/status |
| ncurses-base           | 6.1+20181013-2+deb10u2 |          | spec/fixtures/os/var/lib/dpkg/status |
| ncurses-bin            | 6.1+20181013-2+deb10u2 |          | spec/fixtures/os/var/lib/dpkg/status |
| passwd                 | 1:4.5-1.1              |          | spec/fixtures/os/var/lib/dpkg/status |
| perl-base              | 5.28.1-6+deb10u1       |          | spec/fixtures/os/var/lib/dpkg/status |
| sed                    | 4.7-1                  |          | spec/fixtures/os/var/lib/dpkg/status |
| sysvinit-utils         | 2.93-8                 |          | spec/fixtures/os/var/lib/dpkg/status |
| tar                    | 1.30+dfsg-6            |          | spec/fixtures/os/var/lib/dpkg/status |
| tzdata                 | 2020a-0+deb10u1        |          | spec/fixtures/os/var/lib/dpkg/status |
| util-linux             | 2.33.1-0.1             |          | spec/fixtures/os/var/lib/dpkg/status |
| zlib1g                 | 1:1.2.11.dfsg-1        |          | spec/fixtures/os/var/lib/dpkg/status |
+------------------------+------------------------+----------+--------------------------------------+
