+--------------------------------------+---------+----------+----------------------------------------------------+
| Name                                 | Version | Licenses | Location                                           |
+--------------------------------------+---------+----------+----------------------------------------------------+
| registry.terraform.io/hashicorp/aws  | 3.39.0  | MPL-2.0  | spec/fixtures/terraform/simple/.terraform.lock.hcl |
+--------------------------------------+---------+----------+----------------------------------------------------+
