+------------+---------+----------+---------------------------------+
| Name       | Version | Licenses | Location                        |
+------------+---------+----------+---------------------------------+
| net-hippie | 0.2.7   | MIT      | spec/fixtures/bundler/gems.lock |
+------------+---------+----------+---------------------------------+
