+------+---------+----------+--------------------------------+
| Name | Version | Licenses | Location                       |
+------+---------+----------+--------------------------------+
| six  | 1.13.0  | MIT      | spec/fixtures/pip/Pipfile.lock |
+------+---------+----------+--------------------------------+
