+------------+---------+---------------+-------------------------------------+
| Name       | Version | Licenses      | Location                            |
+------------+---------+---------------+-------------------------------------+
| NHibernate | 5.2.6   | LGPL-2.1-only | spec/fixtures/nuget/packages.config |
+------------+---------+---------------+-------------------------------------+
